WARNING! Did you mean to deploy the subdirectory "deploy"? Use `vc --cwd deploy` instead.
Retrieving project…
Deploying golospravdy8-9774s-projects/basket-lviv
Inspect: https://vercel.com/golospravdy8-9774s-projects/basket-lviv/TNcB8oHGYwpbZ4viawrW2uGXsuCg [2s]
Production: https://basket-lviv-koof1pr68-golospravdy8-9774s-projects.vercel.app [2s]
Building...
Building...
Building: Running build in Washington, D.C., USA (East) – iad1 (Turbo Build Machine)
Building: Build machine configuration: 30 cores, 60 GB
Building: Retrieving list of deployment files...
Building: Skipping build cache, deployment was triggered without cache.
Building: Downloading 623 deployment files...
Building: Running "vercel build"
Building: Vercel CLI 51.6.1
Building: Running "install" command: `npm ci`...
Building: npm warn deprecated whatwg-encoding@3.1.1: Use @exodus/bytes instead for a more spec-conformant and faster implementation
Building: npm warn deprecated rimraf@3.0.2: Rimraf versions prior to v4 are no longer supported
Building: npm warn deprecated inflight@1.0.6: This module is not supported, and leaks memory. Do not use it. Check out lru-cache if you want a good and tested way to coalesce async requests by a key value, which is much more comprehensive and powerful.
Building: npm warn deprecated node-domexception@1.0.0: Use your platform's native DOMException instead
Building: npm warn deprecated @humanwhocodes/config-array@0.13.0: Use @eslint/config-array instead
Building: npm warn deprecated @humanwhocodes/object-schema@2.0.3: Use @eslint/object-schema instead
Building: npm warn deprecated glob@7.2.3: Old versions of glob are not supported, and contain widely publicized security vulnerabilities, which have been fixed in the current version. Please update. Support for old versions may be purchased (at exorbitant rates) by contacting i@izs.me
Building: npm warn deprecated glob@10.3.10: Old versions of glob are not supported, and contain widely publicized security vulnerabilities, which have been fixed in the current version. Please update. Support for old versions may be purchased (at exorbitant rates) by contacting i@izs.me
Building: npm warn deprecated eslint@8.57.1: This version is no longer supported. Please see https://eslint.org/version-support for other options.
Building: > basket-lviv@0.1.0 postinstall
Building: > prisma generate
Building: Environment variables loaded from .env
Building: Prisma schema loaded from prisma/schema.prisma
Building: ✔ Generated Prisma Client (v5.22.0) to ./node_modules/@prisma/client in 235ms
Building: Start by importing your Prisma Client (See: https://pris.ly/d/importing-client)
Building: Tip: Want to react to database changes in your app as they happen? Discover how with Pulse: https://pris.ly/tip-1-pulse
Building: added 1028 packages, and audited 1035 packages in 27s
Building: 289 packages are looking for funding
Building: run `npm fund` for details
Building: 14 vulnerabilities (3 low, 5 moderate, 6 high)
Building: To address issues that do not require attention, run:
Building: npm audit fix
Building: To address all issues possible (including breaking changes), run:
Building: npm audit fix --force
Building: Some issues need review, and may require choosing
Building: a different dependency.
Building: Run `npm audit` for details.
Building: Detected Next.js version: 14.2.35
Building: Running "npm run build"
Building: > basket-lviv@0.1.0 build
Building: > prisma generate && next build
Building: Environment variables loaded from .env
Building: Prisma schema loaded from prisma/schema.prisma
Building: ✔ Generated Prisma Client (v5.22.0) to ./node_modules/@prisma/client in 222ms
Building: Start by importing your Prisma Client (See: https://pris.ly/d/importing-client)
Building: Tip: Easily identify and fix slow SQL queries in your app. Optimize helps you enhance your visibility: https://pris.ly/--optimize
Building: ┌─────────────────────────────────────────────────────────┐
Building: │  Update available 5.22.0 -> 7.8.0                       │
Building: │                                                         │
Building: │  This is a major update - please follow the guide at    │
Building: │  https://pris.ly/d/major-version-upgrade                │
Building: │                                                         │
Building: │  Run the following to update                            │
Building: │    npm i --save-dev prisma@latest                       │
Building: │    npm i @prisma/client@latest                          │
Building: └─────────────────────────────────────────────────────────┘
Building: Attention: Next.js now collects completely anonymous telemetry regarding usage.
Building: This information is used to shape Next.js' roadmap and prioritize features.
Building: You can learn more, including how to opt-out if you'd not like to participate in this anonymous program, by visiting the following URL:
Building: https://nextjs.org/telemetry
Building: ▲ Next.js 14.2.35
Building: - Environments: .env.production, .env
Building: - Experiments (use with caution):
Building: · cpus
Building: Creating an optimized production build ...
Building: ⚠ Compiled with warnings
Building: ./node_modules/jose/dist/webapi/lib/deflate.js
Building: A Node.js API is used (CompressionStream at line: 10) which is not supported in the Edge Runtime.
Building: Learn more: https://nextjs.org/docs/api-reference/edge-runtime
Building: Import trace for requested module:
Building: ./node_modules/jose/dist/webapi/lib/deflate.js
Building: ./node_modules/jose/dist/webapi/jwe/flattened/decrypt.js
Building: ./node_modules/jose/dist/webapi/index.js
Building: ./node_modules/jose/dist/webapi/lib/deflate.js
Building: A Node.js API is used (DecompressionStream at line: 26) which is not supported in the Edge Runtime.
Building: Learn more: https://nextjs.org/docs/api-reference/edge-runtime
Building: Import trace for requested module:
Building: ./node_modules/jose/dist/webapi/lib/deflate.js
Building: ./node_modules/jose/dist/webapi/jwe/flattened/decrypt.js
Building: ./node_modules/jose/dist/webapi/index.js
Building: ✓ Compiled successfully
Building: Skipping linting
Building: Checking validity of types ...
Building: Collecting page data ...
Building: [prisma.ts] ========== PRISMA INIT START ==========
Building: [prisma.ts] Initializing Prisma Client
Building: [prisma.ts] DATABASE_URL exists: true
Building: [prisma.ts] DATABASE_URL_UNPOOLED exists: true
Building: [prisma.ts] NODE_ENV: production
Building: [prisma.ts] Runtime: Node.js
Building: [prisma.ts] Prisma Client initialized successfully
Building: [prisma.ts] ========== PRISMA INIT END ==========
Building: Generating static pages (0/71) ...
Building: [games GET] B [Error]: Dynamic server usage: Route /api/games couldn't be rendered statically because it used `request.url`. See more info here: https://nextjs.org/docs/messages/dynamic-server-error
Building: at V (/vercel/path0/node_modules/next/dist/compiled/next-server/app-route.runtime.prod.js:6:21778)
Building: at Object.get (/vercel/path0/node_modules/next/dist/compiled/next-server/app-route.runtime.prod.js:6:29465)
Building: at p (/vercel/path0/.next/server/app/api/games/route.js:1:604)
Building: at /vercel/path0/node_modules/next/dist/compiled/next-server/app-route.runtime.prod.js:6:38417
Building: at /vercel/path0/node_modules/next/dist/server/lib/trace/tracer.js:140:36
Building: at NoopContextManager.with (/vercel/path0/node_modules/next/dist/compiled/@opentelemetry/api/index.js:1:7062)
Building: at ContextAPI.with (/vercel/path0/node_modules/next/dist/compiled/@opentelemetry/api/index.js:1:518)
Building: at NoopTracer.startActiveSpan (/vercel/path0/node_modules/next/dist/compiled/@opentelemetry/api/index.js:1:18093)
Building: at ProxyTracer.startActiveSpan (/vercel/path0/node_modules/next/dist/compiled/@opentelemetry/api/index.js:1:18854)
Building: at /vercel/path0/node_modules/next/dist/server/lib/trace/tracer.js:122:103 {
Building: description: "Route /api/games couldn't be rendered statically because it used `request.url`. See more info here: https://nextjs.org/docs/messages/dynamic-server-error",
Building: digest: 'DYNAMIC_SERVER_USAGE'
Building: }
Building: [honor-board] now: 2026-04-22T23:33:53.103Z sixtyDaysAgo: 2026-02-21T23:33:53.103Z
Building: [players/month] now: 2026-04-22T23:33:53.192Z sixtyDaysAgo: 2026-02-21T23:33:53.192Z
Building: Generating static pages (17/71)
Building: [schedule GET] B [Error]: Dynamic server usage: Route /api/schedule couldn't be rendered statically because it used `request.url`. See more info here: https://nextjs.org/docs/messages/dynamic-server-error
Building: at V (/vercel/path0/node_modules/next/dist/compiled/next-server/app-route.runtime.prod.js:6:21778)
Building: at Object.get (/vercel/path0/node_modules/next/dist/compiled/next-server/app-route.runtime.prod.js:6:29465)
Building: at p (/vercel/path0/.next/server/app/api/schedule/route.js:1:604)
Building: at /vercel/path0/node_modules/next/dist/compiled/next-server/app-route.runtime.prod.js:6:38417
Building: at /vercel/path0/node_modules/next/dist/server/lib/trace/tracer.js:140:36
Building: at NoopContextManager.with (/vercel/path0/node_modules/next/dist/compiled/@opentelemetry/api/index.js:1:7062)
Building: at ContextAPI.with (/vercel/path0/node_modules/next/dist/compiled/@opentelemetry/api/index.js:1:518)
Building: at NoopTracer.startActiveSpan (/vercel/path0/node_modules/next/dist/compiled/@opentelemetry/api/index.js:1:18093)
Building: at ProxyTracer.startActiveSpan (/vercel/path0/node_modules/next/dist/compiled/@opentelemetry/api/index.js:1:18854)
Building: at /vercel/path0/node_modules/next/dist/server/lib/trace/tracer.js:122:103 {
Building: description: "Route /api/schedule couldn't be rendered statically because it used `request.url`. See more info here: https://nextjs.org/docs/messages/dynamic-server-error",
Building: digest: 'DYNAMIC_SERVER_USAGE'
Building: }
Building: [CACHE] Скрейпимо новий контент
Building: [ДАТА] today: 2026-04-23 | yesterday: 2026-04-22
Building: [НОВИНИ ДНЯ] 10 новин
Building: [СТРІЧКА] 10 новин
Building: [ПЕРША НОВИНА ДНЯ] Євроліга назвала “Висхідну зірку” сезону-2025/26
Building: [ПЕРША СТРІЧКА] НБА назвала найкращого клатчера сезону
Building: [1/12] Євроліга назвала “Висхідну зірку” сезону-2025/26		 | 2026-04-23 | img: ✓
Building: [7/12] НБА назвала найкращого клатчера сезону
Building: | 2026-04-22 | img: ✓
Building: [4/12] Визначилась символічна збірна та MVP півфіналів Су | 2026-04-23 | img: ✓
Building: [9/12] Євроліга, плей-ін: “Панатінаїкос” гарантував собі  | 2026-04-22 | img: ✓
Building: [2/12] Визначився господар чемпіонату світу-2031					     | 2026-04-23 | img: ✓
Building: [8/12] Лідер “Панатінаїкоса” вийшов на третє місце в істо | 2026-04-22 | img: ✓
Building: [11/12] Головний тренер клубу НБА пішов у відставку після  | 2026-04-22 | img: ✓
Building: [10/12] Гравець чемпіонів Вищої ліги натякнув на можливий  | 2026-04-22 | img: ✓
Building: [6/12] Новачок НБА побив видатний рекорд Меджика Джонсона | 2026-04-23 | img: ✓
Building: [5/12] Леброн Джеймс оновив фантистичний рекорд НБА, біль | 2026-04-23 | img: ✓
Building: [12/12] Валерій Плеханов: “Програно все. Це навіть не яма, | 2026-04-22 | img: ✓
Building: [3/12] “Детройт” проти “Орландо”, “Оклахома” приймає “Фін | 2026-04-23 | img: ✓
Building: Generating static pages (35/71)
Building: Generating static pages (53/71)
Building: ✓ Generating static pages (71/71)
Building: Finalizing page optimization ...
Building: Collecting build traces ...
Building: Route (app)                                Size     First Load JS
Building: ┌ ƒ /                                      13.9 kB         116 kB
Building: ├ ƒ /_not-found                            165 B            88 kB
Building: ├ ƒ /achievements                          165 B            88 kB
Building: ├ ƒ /admin                                 165 B            88 kB
Building: ├ ƒ /admin/dashboard                       671 B          97.3 kB
Building: ├ ƒ /admin/games/[id]                      7.2 kB         95.1 kB
Building: ├ ƒ /admin/login                           2 kB           89.9 kB
Building: ├ ƒ /admin/site-editor                     46.9 kB         147 kB
Building: ├ ƒ /admin/vip-requests                    2.34 kB        98.9 kB
Building: ├ ƒ /api/admin/apply-colors                0 B                0 B
Building: ├ ƒ /api/admin/check                       0 B                0 B
Building: ├ ƒ /api/admin/check-data                  0 B                0 B
Building: ├ ƒ /api/admin/list-all-users              0 B                0 B
Building: ├ ƒ /api/admin/login                       0 B                0 B
Building: ├ ƒ /api/admin/logout                      0 B                0 B
Building: ├ ƒ /api/admin/me                          0 B                0 B
Building: ├ ƒ /api/admin/setup-admin-vip             0 B                0 B
Building: ├ ƒ /api/admin/standings/reset             0 B                0 B
Building: ├ ƒ /api/admin/standings/update            0 B                0 B
Building: ├ ƒ /api/admin/stats/players               0 B                0 B
Building: ├ ƒ /api/admin/stats/reset                 0 B                0 B
Building: ├ ƒ /api/admin/stats/reset-season          0 B                0 B
Building: ├ ƒ /api/admin/stats/update                0 B                0 B
Building: ├ ƒ /api/admin/test-email                  0 B                0 B
Building: ├ ƒ /api/admin/vip-activate                0 B                0 B
Building: ├ ƒ /api/admin/vip-activate-from-telegram  0 B                0 B
Building: ├ ƒ /api/admin/vip-activate-manual         0 B                0 B
Building: ├ ƒ /api/admin/vip-deactivate              0 B                0 B
Building: ├ ƒ /api/admin/vip-requests                0 B                0 B
Building: ├ ○ /api/auction                           0 B                0 B
Building: ├ ƒ /api/auth/[...nextauth]                0 B                0 B
Building: ├ ƒ /api/auth/login                        0 B                0 B
Building: ├ ƒ /api/blob/upload                       0 B                0 B
Building: ├ ƒ /api/chat                              0 B                0 B
Building: ├ ƒ /api/chat-proxy                        0 B                0 B
Building: ├ ƒ /api/chat-widget/push                  0 B                0 B
Building: ├ ƒ /api/chat-widget/settings              0 B                0 B
Building: ├ ƒ /api/chat/active-poll                  0 B                0 B
Building: ├ ƒ /api/chat/guests                       0 B                0 B
Building: ├ ƒ /api/chat/heartbeat                    0 B                0 B
Building: ├ ƒ /api/chat/leaderboard                  0 B                0 B
Building: ├ ƒ /api/chat/messages                     0 B                0 B
Building: ├ ƒ /api/chat/mod/log                      0 B                0 B
Building: ├ ƒ /api/chat/moderators                   0 B                0 B
Building: ├ ƒ /api/chat/moderators/add               0 B                0 B
Building: ├ ƒ /api/chat/moderators/remove            0 B                0 B
Building: ├ ƒ /api/chat/mvp-results                  0 B                0 B
Building: ├ ƒ /api/chat/mvp-vote                     0 B                0 B
Building: ├ ƒ /api/chat/participants                 0 B                0 B
Building: ├ ƒ /api/chat/porokhova                    0 B                0 B
Building: ├ ƒ /api/chat/status                       0 B                0 B
Building: ├ ƒ /api/chat/upload                       0 B                0 B
Building: ├ ƒ /api/cron/find-live-streams            0 B                0 B
Building: ├ ○ /api/debug/hero-bg                     0 B                0 B
Building: ├ ƒ /api/gallery                           0 B                0 B
Building: ├ ƒ /api/gallery/upload-complete           0 B                0 B
Building: ├ ƒ /api/gallery/upload-token              0 B                0 B
Building: ├ ƒ /api/games                             0 B                0 B
Building: ├ ƒ /api/games/[id]/events                 0 B                0 B
Building: ├ ƒ /api/games/[id]/score                  0 B                0 B
Building: ├ ƒ /api/guest-contacts                    0 B                0 B
Building: ├ ○ /api/health                            0 B                0 B
Building: ├ ○ /api/honor-board                       0 B                0 B
Building: ├ ƒ /api/leaders/weekly                    0 B                0 B
Building: ├ ƒ /api/live-sessions                     0 B                0 B
Building: ├ ƒ /api/live-sessions/search-attempt      0 B                0 B
Building: ├ ƒ /api/live-sessions/trigger-search      0 B                0 B
Building: ├ ƒ /api/marketplace/auctions              0 B                0 B
Building: ├ ƒ /api/marketplace/bid                   0 B                0 B
Building: ├ ƒ /api/marketplace/listings              0 B                0 B
Building: ├ ƒ /api/marketplace/upload                0 B                0 B
Building: ├ ƒ /api/match-fact                        0 B                0 B
Building: ├ ƒ /api/mvp-vote                          0 B                0 B
Building: ├ ƒ /api/mvp-votes                         0 B                0 B
Building: ├ ƒ /api/nba-schedule                      0 B                0 B
Building: ├ ƒ /api/news                              0 B                0 B
Building: ├ ƒ /api/online                            0 B                0 B
Building: ├ ƒ /api/parents/me                        0 B                0 B
Building: ├ ƒ /api/parents/register                  0 B                0 B
Building: ├ ƒ /api/pdf/game/[gameId]                 0 B                0 B
Building: ├ ƒ /api/pdf/test                          0 B                0 B
Building: ├ ƒ /api/players                           0 B                0 B
Building: ├ ○ /api/players/month                     0 B                0 B
Building: ├ ƒ /api/playground/checkin                0 B                0 B
Building: ├ ƒ /api/playground/reset                  0 B                0 B
Building: ├ ○ /api/polls                             0 B                0 B
Building: ├ ƒ /api/pusher                            0 B                0 B
Building: ├ ƒ /api/quizzes/answer                    0 B                0 B
Building: ├ ƒ /api/quizzes/daily                     0 B                0 B
Building: ├ ƒ /api/quizzes/migrate                   0 B                0 B
Building: ├ ƒ /api/reviews                           0 B                0 B
Building: ├ ƒ /api/reviews/[id]                      0 B                0 B
Building: ├ ƒ /api/schedule                          0 B                0 B
Building: ├ ○ /api/scrape-basket-news                0 B                0 B
Building: ├ ƒ /api/shop/orders                       0 B                0 B
Building: ├ ƒ /api/shop/products                     0 B                0 B
Building: ├ ƒ /api/shop/products-chat                0 B                0 B
Building: ├ ƒ /api/shop/products/[id]                0 B                0 B
Building: ├ ƒ /api/shop/random                       0 B                0 B
Building: ├ ƒ /api/site-settings                     0 B                0 B
Building: ├ ƒ /api/sponsors                          0 B                0 B
Building: ├ ƒ /api/standings                         0 B                0 B
Building: ├ ƒ /api/stream/debug                      0 B                0 B
Building: ├ ƒ /api/stream/status                     0 B                0 B
Building: ├ ƒ /api/teams                             0 B                0 B
Building: ├ ƒ /api/teams/add                         0 B                0 B
Building: ├ ○ /api/test-imports                      0 B                0 B
Building: ├ ○ /api/tv-matches                        0 B                0 B
Building: ├ ƒ /api/tv-session                        0 B                0 B
Building: ├ ƒ /api/tv-video                          0 B                0 B
Building: ├ ƒ /api/upload                            0 B                0 B
Building: ├ ƒ /api/user                              0 B                0 B
Building: ├ ƒ /api/user-streams                      0 B                0 B
Building: ├ ƒ /api/user/vip-check                    0 B                0 B
Building: ├ ƒ /api/v1/reviews                        0 B                0 B
Building: ├ ƒ /api/v1/reviews/[id]                   0 B                0 B
Building: ├ ƒ /api/videos                            0 B                0 B
Building: ├ ƒ /api/vip/player-stats                  0 B                0 B
Building: ├ ƒ /api/vip/purchase-request              0 B                0 B
Building: ├ ƒ /chat                                  112 kB          207 kB
Building: ├ ƒ /contacts                              165 B            88 kB
Building: ├ ƒ /courses                               3.08 kB          91 kB
Building: ├ ƒ /gallery                               209 B          96.8 kB
Building: ├ ƒ /gallery/[gameId]                      209 B          96.8 kB
Building: ├ ƒ /game                                  325 B          88.2 kB
Building: ├ ƒ /game/[id]                             4.81 kB        92.7 kB
Building: ├ ƒ /highlights                            209 B          96.8 kB
Building: ├ ƒ /highlights/[id]                       209 B          96.8 kB
Building: ├ ƒ /leaders                               2.65 kB         104 kB
Building: ├ ƒ /login                                 1.35 kB        89.2 kB
Building: ├ ƒ /marketplace                           9.5 kB         97.4 kB
Building: ├ ƒ /media                                 1.3 kB         94.4 kB
Building: ├ ƒ /news                                  209 B          96.8 kB
Building: ├ ƒ /news/[slug]                           196 B           102 kB
Building: ├ ƒ /partners                              2.51 kB        90.4 kB
Building: ├ ƒ /players                               1.37 kB          98 kB
Building: ├ ƒ /players/[id]                          196 B           102 kB
Building: ├ ƒ /quiz                                  165 B            88 kB
Building: ├ ƒ /register-team                         2.87 kB        90.7 kB
Building: ├ ƒ /reviews                               2.47 kB        90.3 kB
Building: ├ ○ /robots.txt                            0 B                0 B
Building: ├ ƒ /schedule                              2.3 kB          104 kB
Building: ├ ƒ /shop                                  6.3 kB         94.2 kB
Building: ├ ○ /sitemap.xml                           0 B                0 B
Building: ├ ƒ /standings                             810 B          88.7 kB
Building: ├ ƒ /teams                                 1.79 kB        98.4 kB
Building: ├ ƒ /vip                                   3.58 kB        91.5 kB
Building: ├ ƒ /vote                                  1.97 kB        98.6 kB
Building: ├ ƒ /відгуки                               2.02 kB        89.9 kB
Building: ├ ƒ /гравці                                165 B            88 kB
Building: ├ ƒ /змагання                              810 B          88.7 kB
Building: ├ ƒ /команди                               810 B          88.7 kB
Building: ├ ƒ /контакти                              165 B            88 kB
Building: ├ ƒ /новини                                165 B            88 kB
Building: ├ ƒ /новини/[slug]                         196 B           102 kB
Building: └ ƒ /розклад                               818 B          97.4 kB
Building: + First Load JS shared by all              87.9 kB
Building: ├ chunks/2117-e6d0a25ff93571d5.js        32.1 kB
Building: ├ chunks/fd9d1056-41de438c19759b2c.js    53.6 kB
Building: └ other shared chunks (total)            2.17 kB
Building: ƒ Middleware                               32.5 kB
Building: ○  (Static)   prerendered as static content
Building: ƒ  (Dynamic)  server-rendered on demand
Building: Traced Next.js server files in: 24.876ms
Building: WARNING: Unable to find source file for page /(auth)/login/page with extensions: tsx, ts, jsx, js, this can cause functions config from `vercel.json` to not be applied
Building: WARNING: Unable to find source file for page /courses/page with extensions: tsx, ts, jsx, js, this can cause functions config from `vercel.json` to not be applied
Building: WARNING: Unable to find source file for page /chat/page with extensions: tsx, ts, jsx, js, this can cause functions config from `vercel.json` to not be applied
Building: WARNING: Unable to find source file for page /marketplace/page with extensions: tsx, ts, jsx, js, this can cause functions config from `vercel.json` to not be applied
Building: WARNING: Unable to find source file for page /shop/page with extensions: tsx, ts, jsx, js, this can cause functions config from `vercel.json` to not be applied
Building: WARNING: Unable to find source file for page /admin/login/page with extensions: tsx, ts, jsx, js, this can cause functions config from `vercel.json` to not be applied
Building: WARNING: Unable to find source file for page /admin/page with extensions: tsx, ts, jsx, js, this can cause functions config from `vercel.json` to not be applied
Building: WARNING: Unable to find source file for page /admin/vip-requests/page with extensions: tsx, ts, jsx, js, this can cause functions config from `vercel.json` to not be applied
Building: WARNING: Unable to find source file for page /admin/games/[id]/page with extensions: tsx, ts, jsx, js, this can cause functions config from `vercel.json` to not be applied
Building: WARNING: Unable to find source file for page /admin/site-editor/page with extensions: tsx, ts, jsx, js, this can cause functions config from `vercel.json` to not be applied
Building: WARNING: Unable to find source file for page /admin/dashboard/page with extensions: tsx, ts, jsx, js, this can cause functions config from `vercel.json` to not be applied
Building: WARNING: Unable to find source file for page /(public)/partners/page with extensions: tsx, ts, jsx, js, this can cause functions config from `vercel.json` to not be applied
Building: WARNING: Unable to find source file for page /(public)/quiz/page with extensions: tsx, ts, jsx, js, this can cause functions config from `vercel.json` to not be applied
Building: WARNING: Unable to find source file for page /(public)/register-team/page with extensions: tsx, ts, jsx, js, this can cause functions config from `vercel.json` to not be applied
Building: WARNING: Unable to find source file for page /(public)/reviews/page with extensions: tsx, ts, jsx, js, this can cause functions config from `vercel.json` to not be applied
Building: WARNING: Unable to find source file for page /(public)/vote/page with extensions: tsx, ts, jsx, js, this can cause functions config from `vercel.json` to not be applied
Building: WARNING: Unable to find source file for page /(public)/vip/page with extensions: tsx, ts, jsx, js, this can cause functions config from `vercel.json` to not be applied
Building: WARNING: Unable to find source file for page /(public)/відгуки/page with extensions: tsx, ts, jsx, js, this can cause functions config from `vercel.json` to not be applied
Building: WARNING: Unable to find source file for page /(public)/новини/page with extensions: tsx, ts, jsx, js, this can cause functions config from `vercel.json` to not be applied
Building: WARNING: Unable to find source file for page /(public)/game/page with extensions: tsx, ts, jsx, js, this can cause functions config from `vercel.json` to not be applied
Building: WARNING: Unable to find source file for page /(public)/contacts/page with extensions: tsx, ts, jsx, js, this can cause functions config from `vercel.json` to not be applied
Building: WARNING: Unable to find source file for page /(public)/gallery/page with extensions: tsx, ts, jsx, js, this can cause functions config from `vercel.json` to not be applied
Building: WARNING: Unable to find source file for page /(public)/highlights/[id]/page with extensions: tsx, ts, jsx, js, this can cause functions config from `vercel.json` to not be applied
Building: WARNING: Unable to find source file for page /(public)/gallery/[gameId]/page with extensions: tsx, ts, jsx, js, this can cause functions config from `vercel.json` to not be applied
Building: WARNING: Unable to find source file for page /(public)/achievements/page with extensions: tsx, ts, jsx, js, this can cause functions config from `vercel.json` to not be applied
Building: WARNING: Unable to find source file for page /(public)/highlights/page with extensions: tsx, ts, jsx, js, this can cause functions config from `vercel.json` to not be applied
Building: WARNING: Unable to find source file for page /(public)/media/page with extensions: tsx, ts, jsx, js, this can cause functions config from `vercel.json` to not be applied
Building: WARNING: Unable to find source file for page /(public)/news/page with extensions: tsx, ts, jsx, js, this can cause functions config from `vercel.json` to not be applied
Building: WARNING: Unable to find source file for page /(public)/leaders/page with extensions: tsx, ts, jsx, js, this can cause functions config from `vercel.json` to not be applied
Building: WARNING: Unable to find source file for page /(public)/news/[slug]/page with extensions: tsx, ts, jsx, js, this can cause functions config from `vercel.json` to not be applied
Building: WARNING: Unable to find source file for page /(public)/page with extensions: tsx, ts, jsx, js, this can cause functions config from `vercel.json` to not be applied
Building: WARNING: Unable to find source file for page /(public)/schedule/page with extensions: tsx, ts, jsx, js, this can cause functions config from `vercel.json` to not be applied
Building: WARNING: Unable to find source file for page /(public)/standings/page with extensions: tsx, ts, jsx, js, this can cause functions config from `vercel.json` to not be applied
Building: WARNING: Unable to find source file for page /(public)/teams/page with extensions: tsx, ts, jsx, js, this can cause functions config from `vercel.json` to not be applied
Building: WARNING: Unable to find source file for page /(public)/players/[id]/page with extensions: tsx, ts, jsx, js, this can cause functions config from `vercel.json` to not be applied
Building: WARNING: Unable to find source file for page /(public)/гравці/page with extensions: tsx, ts, jsx, js, this can cause functions config from `vercel.json` to not be applied
Building: WARNING: Unable to find source file for page /(public)/змагання/page with extensions: tsx, ts, jsx, js, this can cause functions config from `vercel.json` to not be applied
Building: WARNING: Unable to find source file for page /(public)/контакти/page with extensions: tsx, ts, jsx, js, this can cause functions config from `vercel.json` to not be applied
Building: WARNING: Unable to find source file for page /(public)/команди/page with extensions: tsx, ts, jsx, js, this can cause functions config from `vercel.json` to not be applied
Building: WARNING: Unable to find source file for page /(public)/розклад/page with extensions: tsx, ts, jsx, js, this can cause functions config from `vercel.json` to not be applied
Building: WARNING: Unable to find source file for page /(public)/players/page with extensions: tsx, ts, jsx, js, this can cause functions config from `vercel.json` to not be applied
Building: WARNING: Unable to find source file for page /(public)/новини/[slug]/page with extensions: tsx, ts, jsx, js, this can cause functions config from `vercel.json` to not be applied
Building: WARNING: Unable to find source file for page /(public)/game/[id]/page with extensions: tsx, ts, jsx, js, this can cause functions config from `vercel.json` to not be applied
Building: WARNING: Unable to find source file for page /api/admin/me/route with extensions: tsx, ts, jsx, js, this can cause functions config from `vercel.json` to not be applied
Building: WARNING: Unable to find source file for page /api/admin/stats/reset-season/route with extensions: tsx, ts, jsx, js, this can cause functions config from `vercel.json` to not be applied
Building: WARNING: Unable to find source file for page /api/admin/test-email/route with extensions: tsx, ts, jsx, js, this can cause functions config from `vercel.json` to not be applied
Building: WARNING: Unable to find source file for page /api/auction/route with extensions: tsx, ts, jsx, js, this can cause functions config from `vercel.json` to not be applied
Building: WARNING: Unable to find source file for page /api/chat-widget/settings/route with extensions: tsx, ts, jsx, js, this can cause functions config from `vercel.json` to not be applied
Building: WARNING: Unable to find source file for page /api/chat-widget/push/route with extensions: tsx, ts, jsx, js, this can cause functions config from `vercel.json` to not be applied
Building: WARNING: Unable to find source file for page /api/debug/hero-bg/route with extensions: tsx, ts, jsx, js, this can cause functions config from `vercel.json` to not be applied
Building: WARNING: Unable to find source file for page /api/gallery/upload-complete/route with extensions: tsx, ts, jsx, js, this can cause functions config from `vercel.json` to not be applied
Building: WARNING: Unable to find source file for page /api/gallery/upload-token/route with extensions: tsx, ts, jsx, js, this can cause functions config from `vercel.json` to not be applied
Building: WARNING: Unable to find source file for page /api/games/route with extensions: tsx, ts, jsx, js, this can cause functions config from `vercel.json` to not be applied
Building: WARNING: Unable to find source file for page /api/health/route with extensions: tsx, ts, jsx, js, this can cause functions config from `vercel.json` to not be applied
Building: WARNING: Unable to find source file for page /api/honor-board/route with extensions: tsx, ts, jsx, js, this can cause functions config from `vercel.json` to not be applied
Building: WARNING: Unable to find source file for page /api/news/route with extensions: tsx, ts, jsx, js, this can cause functions config from `vercel.json` to not be applied
Building: WARNING: Unable to find source file for page /api/players/month/route with extensions: tsx, ts, jsx, js, this can cause functions config from `vercel.json` to not be applied
Building: WARNING: Unable to find source file for page /api/polls/route with extensions: tsx, ts, jsx, js, this can cause functions config from `vercel.json` to not be applied
Building: WARNING: Unable to find source file for page /api/pusher/route with extensions: tsx, ts, jsx, js, this can cause functions config from `vercel.json` to not be applied
Building: WARNING: Unable to find source file for page /api/schedule/route with extensions: tsx, ts, jsx, js, this can cause functions config from `vercel.json` to not be applied
Building: WARNING: Unable to find source file for page /api/scrape-basket-news/route with extensions: tsx, ts, jsx, js, this can cause functions config from `vercel.json` to not be applied
Building: WARNING: Unable to find source file for page /api/test-imports/route with extensions: tsx, ts, jsx, js, this can cause functions config from `vercel.json` to not be applied
Building: WARNING: Unable to find source file for page /api/tv-matches/route with extensions: tsx, ts, jsx, js, this can cause functions config from `vercel.json` to not be applied
Building: WARNING: Unable to find source file for page /api/tv-session/route with extensions: tsx, ts, jsx, js, this can cause functions config from `vercel.json` to not be applied
Building: WARNING: Unable to find source file for page /api/tv-video/route with extensions: tsx, ts, jsx, js, this can cause functions config from `vercel.json` to not be applied
Building: WARNING: Unable to find source file for page /api/upload/route with extensions: tsx, ts, jsx, js, this can cause functions config from `vercel.json` to not be applied
Building: WARNING: Unable to find source file for page /api/vip/purchase-request/route with extensions: tsx, ts, jsx, js, this can cause functions config from `vercel.json` to not be applied
Building: WARNING: Unable to find source file for page /api/admin/logout/route with extensions: tsx, ts, jsx, js, this can cause functions config from `vercel.json` to not be applied
Building: WARNING: Unable to find source file for page /robots.txt with extensions: tsx, ts, jsx, js, this can cause functions config from `vercel.json` to not be applied
Building: WARNING: Unable to find source file for page /sitemap.xml with extensions: tsx, ts, jsx, js, this can cause functions config from `vercel.json` to not be applied
Building: WARNING: Unable to find source file for page /api/admin/login/route with extensions: tsx, ts, jsx, js, this can cause functions config from `vercel.json` to not be applied
Building: WARNING: Unable to find source file for page /api/admin/apply-colors/route with extensions: tsx, ts, jsx, js, this can cause functions config from `vercel.json` to not be applied
Building: WARNING: Unable to find source file for page /api/admin/list-all-users/route with extensions: tsx, ts, jsx, js, this can cause functions config from `vercel.json` to not be applied
Building: WARNING: Unable to find source file for page /api/admin/check/route with extensions: tsx, ts, jsx, js, this can cause functions config from `vercel.json` to not be applied
Building: WARNING: Unable to find source file for page /api/admin/check-data/route with extensions: tsx, ts, jsx, js, this can cause functions config from `vercel.json` to not be applied
Building: WARNING: Unable to find source file for page /api/admin/standings/reset/route with extensions: tsx, ts, jsx, js, this can cause functions config from `vercel.json` to not be applied
Building: WARNING: Unable to find source file for page /api/admin/standings/update/route with extensions: tsx, ts, jsx, js, this can cause functions config from `vercel.json` to not be applied
Building: WARNING: Unable to find source file for page /api/admin/stats/reset/route with extensions: tsx, ts, jsx, js, this can cause functions config from `vercel.json` to not be applied
Building: WARNING: Unable to find source file for page /api/admin/stats/update/route with extensions: tsx, ts, jsx, js, this can cause functions config from `vercel.json` to not be applied
Building: WARNING: Unable to find source file for page /api/admin/setup-admin-vip/route with extensions: tsx, ts, jsx, js, this can cause functions config from `vercel.json` to not be applied
Building: WARNING: Unable to find source file for page /api/admin/stats/players/route with extensions: tsx, ts, jsx, js, this can cause functions config from `vercel.json` to not be applied
Building: WARNING: Unable to find source file for page /api/admin/vip-activate/route with extensions: tsx, ts, jsx, js, this can cause functions config from `vercel.json` to not be applied
Building: WARNING: Unable to find source file for page /api/admin/vip-activate-manual/route with extensions: tsx, ts, jsx, js, this can cause functions config from `vercel.json` to not be applied
Building: WARNING: Unable to find source file for page /api/auth/[...nextauth]/route with extensions: tsx, ts, jsx, js, this can cause functions config from `vercel.json` to not be applied
Building: WARNING: Unable to find source file for page /api/admin/vip-requests/route with extensions: tsx, ts, jsx, js, this can cause functions config from `vercel.json` to not be applied
Building: WARNING: Unable to find source file for page /api/admin/vip-deactivate/route with extensions: tsx, ts, jsx, js, this can cause functions config from `vercel.json` to not be applied
Building: WARNING: Unable to find source file for page /api/admin/vip-activate-from-telegram/route with extensions: tsx, ts, jsx, js, this can cause functions config from `vercel.json` to not be applied
Building: WARNING: Unable to find source file for page /api/auth/login/route with extensions: tsx, ts, jsx, js, this can cause functions config from `vercel.json` to not be applied
Building: WARNING: Unable to find source file for page /api/chat/guests/route with extensions: tsx, ts, jsx, js, this can cause functions config from `vercel.json` to not be applied
Building: WARNING: Unable to find source file for page /api/chat-proxy/route with extensions: tsx, ts, jsx, js, this can cause functions config from `vercel.json` to not be applied
Building: WARNING: Unable to find source file for page /api/chat/active-poll/route with extensions: tsx, ts, jsx, js, this can cause functions config from `vercel.json` to not be applied
Building: WARNING: Unable to find source file for page /api/chat/heartbeat/route with extensions: tsx, ts, jsx, js, this can cause functions config from `vercel.json` to not be applied
Building: WARNING: Unable to find source file for page /api/chat/leaderboard/route with extensions: tsx, ts, jsx, js, this can cause functions config from `vercel.json` to not be applied
Building: WARNING: Unable to find source file for page /api/chat/moderators/route with extensions: tsx, ts, jsx, js, this can cause functions config from `vercel.json` to not be applied
Building: WARNING: Unable to find source file for page /api/chat/mod/log/route with extensions: tsx, ts, jsx, js, this can cause functions config from `vercel.json` to not be applied
Building: WARNING: Unable to find source file for page /api/chat/moderators/remove/route with extensions: tsx, ts, jsx, js, this can cause functions config from `vercel.json` to not be applied
Building: WARNING: Unable to find source file for page /api/chat/moderators/add/route with extensions: tsx, ts, jsx, js, this can cause functions config from `vercel.json` to not be applied
Building: WARNING: Unable to find source file for page /api/chat/messages/route with extensions: tsx, ts, jsx, js, this can cause functions config from `vercel.json` to not be applied
Building: WARNING: Unable to find source file for page /api/chat/mvp-results/route with extensions: tsx, ts, jsx, js, this can cause functions config from `vercel.json` to not be applied
Building: WARNING: Unable to find source file for page /api/blob/upload/route with extensions: tsx, ts, jsx, js, this can cause functions config from `vercel.json` to not be applied
Building: WARNING: Unable to find source file for page /api/chat/status/route with extensions: tsx, ts, jsx, js, this can cause functions config from `vercel.json` to not be applied
Building: WARNING: Unable to find source file for page /api/chat/porokhova/route with extensions: tsx, ts, jsx, js, this can cause functions config from `vercel.json` to not be applied
Building: WARNING: Unable to find source file for page /api/chat/participants/route with extensions: tsx, ts, jsx, js, this can cause functions config from `vercel.json` to not be applied
Building: WARNING: Unable to find source file for page /api/chat/mvp-vote/route with extensions: tsx, ts, jsx, js, this can cause functions config from `vercel.json` to not be applied
Building: WARNING: Unable to find source file for page /api/chat/upload/route with extensions: tsx, ts, jsx, js, this can cause functions config from `vercel.json` to not be applied
Building: WARNING: Unable to find source file for page /api/games/[id]/events/route with extensions: tsx, ts, jsx, js, this can cause functions config from `vercel.json` to not be applied
Building: WARNING: Unable to find source file for page /api/games/[id]/score/route with extensions: tsx, ts, jsx, js, this can cause functions config from `vercel.json` to not be applied
Building: WARNING: Unable to find source file for page /api/gallery/route with extensions: tsx, ts, jsx, js, this can cause functions config from `vercel.json` to not be applied
Building: WARNING: Unable to find source file for page /api/guest-contacts/route with extensions: tsx, ts, jsx, js, this can cause functions config from `vercel.json` to not be applied
Building: WARNING: Unable to find source file for page /api/leaders/weekly/route with extensions: tsx, ts, jsx, js, this can cause functions config from `vercel.json` to not be applied
Building: WARNING: Unable to find source file for page /api/live-sessions/route with extensions: tsx, ts, jsx, js, this can cause functions config from `vercel.json` to not be applied
Building: WARNING: Unable to find source file for page /api/cron/find-live-streams/route with extensions: tsx, ts, jsx, js, this can cause functions config from `vercel.json` to not be applied
Building: WARNING: Unable to find source file for page /api/live-sessions/search-attempt/route with extensions: tsx, ts, jsx, js, this can cause functions config from `vercel.json` to not be applied
Building: WARNING: Unable to find source file for page /api/live-sessions/trigger-search/route with extensions: tsx, ts, jsx, js, this can cause functions config from `vercel.json` to not be applied
Building: WARNING: Unable to find source file for page /api/marketplace/auctions/route with extensions: tsx, ts, jsx, js, this can cause functions config from `vercel.json` to not be applied
Building: WARNING: Unable to find source file for page /api/marketplace/bid/route with extensions: tsx, ts, jsx, js, this can cause functions config from `vercel.json` to not be applied
Building: WARNING: Unable to find source file for page /api/marketplace/upload/route with extensions: tsx, ts, jsx, js, this can cause functions config from `vercel.json` to not be applied
Building: WARNING: Unable to find source file for page /api/marketplace/listings/route with extensions: tsx, ts, jsx, js, this can cause functions config from `vercel.json` to not be applied
Building: WARNING: Unable to find source file for page /api/match-fact/route with extensions: tsx, ts, jsx, js, this can cause functions config from `vercel.json` to not be applied
Building: WARNING: Unable to find source file for page /api/mvp-votes/route with extensions: tsx, ts, jsx, js, this can cause functions config from `vercel.json` to not be applied
Building: WARNING: Unable to find source file for page /api/online/route with extensions: tsx, ts, jsx, js, this can cause functions config from `vercel.json` to not be applied
Building: WARNING: Unable to find source file for page /api/chat/route with extensions: tsx, ts, jsx, js, this can cause functions config from `vercel.json` to not be applied
Building: WARNING: Unable to find source file for page /api/pdf/test/route with extensions: tsx, ts, jsx, js, this can cause functions config from `vercel.json` to not be applied
Building: WARNING: Unable to find source file for page /api/players/route with extensions: tsx, ts, jsx, js, this can cause functions config from `vercel.json` to not be applied
Building: WARNING: Unable to find source file for page /api/mvp-vote/route with extensions: tsx, ts, jsx, js, this can cause functions config from `vercel.json` to not be applied
Building: WARNING: Unable to find source file for page /api/playground/checkin/route with extensions: tsx, ts, jsx, js, this can cause functions config from `vercel.json` to not be applied
Building: WARNING: Unable to find source file for page /api/playground/reset/route with extensions: tsx, ts, jsx, js, this can cause functions config from `vercel.json` to not be applied
Building: WARNING: Unable to find source file for page /api/quizzes/answer/route with extensions: tsx, ts, jsx, js, this can cause functions config from `vercel.json` to not be applied
Building: WARNING: Unable to find source file for page /api/quizzes/daily/route with extensions: tsx, ts, jsx, js, this can cause functions config from `vercel.json` to not be applied
Building: WARNING: Unable to find source file for page /api/quizzes/migrate/route with extensions: tsx, ts, jsx, js, this can cause functions config from `vercel.json` to not be applied
Building: WARNING: Unable to find source file for page /api/reviews/route with extensions: tsx, ts, jsx, js, this can cause functions config from `vercel.json` to not be applied
Building: WARNING: Unable to find source file for page /api/reviews/[id]/route with extensions: tsx, ts, jsx, js, this can cause functions config from `vercel.json` to not be applied
Building: WARNING: Unable to find source file for page /api/nba-schedule/route with extensions: tsx, ts, jsx, js, this can cause functions config from `vercel.json` to not be applied
Building: WARNING: Unable to find source file for page /api/shop/products-chat/route with extensions: tsx, ts, jsx, js, this can cause functions config from `vercel.json` to not be applied
Building: WARNING: Unable to find source file for page /api/shop/products/[id]/route with extensions: tsx, ts, jsx, js, this can cause functions config from `vercel.json` to not be applied
Building: WARNING: Unable to find source file for page /api/shop/orders/route with extensions: tsx, ts, jsx, js, this can cause functions config from `vercel.json` to not be applied
Building: WARNING: Unable to find source file for page /api/site-settings/route with extensions: tsx, ts, jsx, js, this can cause functions config from `vercel.json` to not be applied
Building: WARNING: Unable to find source file for page /api/shop/products/route with extensions: tsx, ts, jsx, js, this can cause functions config from `vercel.json` to not be applied
Building: WARNING: Unable to find source file for page /api/standings/route with extensions: tsx, ts, jsx, js, this can cause functions config from `vercel.json` to not be applied
Building: WARNING: Unable to find source file for page /api/shop/random/route with extensions: tsx, ts, jsx, js, this can cause functions config from `vercel.json` to not be applied
Building: WARNING: Unable to find source file for page /api/sponsors/route with extensions: tsx, ts, jsx, js, this can cause functions config from `vercel.json` to not be applied
Building: WARNING: Unable to find source file for page /api/teams/add/route with extensions: tsx, ts, jsx, js, this can cause functions config from `vercel.json` to not be applied
Building: WARNING: Unable to find source file for page /api/teams/route with extensions: tsx, ts, jsx, js, this can cause functions config from `vercel.json` to not be applied
Building: WARNING: Unable to find source file for page /api/stream/debug/route with extensions: tsx, ts, jsx, js, this can cause functions config from `vercel.json` to not be applied
Building: WARNING: Unable to find source file for page /api/pdf/game/[gameId]/route with extensions: tsx, ts, jsx, js, this can cause functions config from `vercel.json` to not be applied
Building: WARNING: Unable to find source file for page /api/user/route with extensions: tsx, ts, jsx, js, this can cause functions config from `vercel.json` to not be applied
Building: WARNING: Unable to find source file for page /api/user-streams/route with extensions: tsx, ts, jsx, js, this can cause functions config from `vercel.json` to not be applied
Building: WARNING: Unable to find source file for page /api/parents/register/route with extensions: tsx, ts, jsx, js, this can cause functions config from `vercel.json` to not be applied
Building: WARNING: Unable to find source file for page /api/user/vip-check/route with extensions: tsx, ts, jsx, js, this can cause functions config from `vercel.json` to not be applied
Building: WARNING: Unable to find source file for page /api/v1/reviews/route with extensions: tsx, ts, jsx, js, this can cause functions config from `vercel.json` to not be applied
Building: WARNING: Unable to find source file for page /api/v1/reviews/[id]/route with extensions: tsx, ts, jsx, js, this can cause functions config from `vercel.json` to not be applied
Building: WARNING: Unable to find source file for page /api/parents/me/route with extensions: tsx, ts, jsx, js, this can cause functions config from `vercel.json` to not be applied
Building: WARNING: Unable to find source file for page /api/videos/route with extensions: tsx, ts, jsx, js, this can cause functions config from `vercel.json` to not be applied
Building: WARNING: Unable to find source file for page /api/vip/player-stats/route with extensions: tsx, ts, jsx, js, this can cause functions config from `vercel.json` to not be applied
Building: WARNING: Unable to find source file for page /api/stream/status/route with extensions: tsx, ts, jsx, js, this can cause functions config from `vercel.json` to not be applied
Building: Created all serverless functions in: 354.28ms
Building: Collected static files (public/, static/, .next/static): 15.567ms
Building: Build Completed in /vercel/output [1m]
Building: Deploying outputs...
Building: Warning: Provided `memory` setting in `vercel.json` is ignored on Active CPU billing. You can safely remove this setting from your configuration. Learn more: https://vercel.com/docs/fluid-compute/pricing
Building: Deployment completed
Building: Creating build cache...
Building: Created build cache: 6s
Building: Uploading build cache [321.26 MB]
[2K[1A[2K[GProduction: https://basket-lviv-koof1pr68-golospravdy8-9774s-projects.vercel.app [2m]
Completing...
Aliased: https://basketball.lviv.ua [2m]
{
  "status": "ok",
  "deployment": {
    "id": "dpl_TNcB8oHGYwpbZ4viawrW2uGXsuCg",
    "url": "https://basket-lviv-koof1pr68-golospravdy8-9774s-projects.vercel.app",
    "inspectorUrl": "https://vercel.com/golospravdy8-9774s-projects/basket-lviv/TNcB8oHGYwpbZ4viawrW2uGXsuCg",
    "readyState": "READY",
    "target": "production",
    "deploymentApiUrl": "https://api.vercel.com/v13/deployments/dpl_TNcB8oHGYwpbZ4viawrW2uGXsuCg"
  },
  "message": "Deployment basket-lviv-koof1pr68-golospravdy8-9774s-projects.vercel.app ready.",
  "next": [
    {
      "command": "vercel inspect basket-lviv-koof1pr68-golospravdy8-9774s-projects.vercel.app",
      "when": "Inspect deployment"
    },
    {
      "command": "vercel deploy --prod",
      "when": "Promote to production"
    }
  ]
}
