🔄 Восстановление 92 ИГРОКОВ из бэкапа...

⏳ Загрузка бэкапа...
✅ Загружено: 92 игроков, 11 команд

⏳ Получение команд из БД...
✅ На сайте 13 команд

📋 К восстановлению: 92 игроков (0 пропущено)

✅ Вставлено: 10 игроков (всего: 10/92)
✅ Вставлено: 10 игроков (всего: 20/92)
✅ Вставлено: 10 игроков (всего: 30/92)
✅ Вставлено: 10 игроков (всего: 40/92)
✅ Вставлено: 10 игроков (всего: 50/92)
✅ Вставлено: 10 игроков (всего: 60/92)
✅ Вставлено: 10 игроков (всего: 70/92)
✅ Вставлено: 10 игроков (всего: 80/92)
✅ Вставлено: 10 игроков (всего: 90/92)
✅ Вставлено: 2 игроков (всего: 92/92)

═
═
═
═
═
═
═
═
═
═
═
═
═
═
═
═
═
═
═
═
═
═
═
═
═
═
═
═
═
═
═
═
═
═
═
✅ Восстановление завершено!
═══════════════════════════════════
✅ Успешно вставлено: 92
❌ Ошибок: 0

📊 Игроков в БД после восстановления: 200

📊 ИГРОКИ ПО КОМАНДАМ:

Димчасті Леопарди Школа № 91: 14 игроков
  - #1 Гнат Музика (PF)
  - #2 Марк Брушнівський (SF)
  - #3 Сергій Олійник (SG)
  ... и ещё 11
Mighty Ducks Ліцей № 81: 22 игроков
  - #3 Вадим Кривохиж (SF)
  - #4 Максим Манзяк (SG)
  - #8 Михайло Тропак (C)
  ... и ещё 19
Ведмеді Ліцей № 17: 16 игроков
  - #1 Данило Капій (SG)
  - #2 Дмитро Стасевич (SF)
  - #3 Роман Мудрик (PF)
  ... и ещё 13
Golden Eagles Ліцей № 81: 16 игроков
  - #9 Роман Герман (PF)
  - #7 Максим Якимець (SF)
  - #5 Кирило Бабіш (SG)
  ... и ещё 13
Wild Cats Школа № 30: 12 игроков
  - #0 Володимир Макар (C)
  - #0 Роман Бутлер (SF)
  - #0 Роман Кордос (SG)
  ... и ещё 9
Dream Team Школа № 7: 24 игроков
  - #0 Софія Танчин (PG)
  - #0 Віталій Буць (PG)
  - #0 Максим Мордига (SG)
  ... и ещё 21
Індійські Леопарди Ліцей № 81: 24 игроков
  - #3 Остап Одинець (SF)
  - #12 Кирило Осмуха (PF)
  - #2 Микола Хлян (SG)
  ... и ещё 21
Степові Бізони Школа № 17: 14 игроков
  - #1 Дмитро Вареха (SF)
  - #2 Олексій Малюга (C)
  - #3 Михайло Ярошенко (PG)
  ... и ещё 11
Коали Школа № 7: 16 игроков
  - #1 Віталій Буць (PG)
  - #2 Танчин Софія (SG)
  - #3 Марко Левицький (SF)
  ... и ещё 13
Street Kings Школа № 91: 10 игроков
  - #0 Юрій Котенко (C)
  - #0 Олександр Погуляев (PG)
  - #0 Софія Карнаушенко (SG)
  ... и ещё 7
Black Hawks Ліцей № 81: 16 игроков
  - #6 Артур Кабан (C)
  - #15 Максим Бережницький (PG)
  - #7 Давид Овчаренко (PF)
  ... и ещё 13
школа Мрій дій: 8 игроков
  - #88 Павло Устименко (PG)
  - #14 Георгій Мальцев (PG)
  - #3 Максим Максимович (PG)
  ... и ещё 5
БК Львів ліцей 81: 8 игроков
  - #1 Остап Одинець (PG)
  - #2 Захар Одинець (PG)
  - #98 Максим  Манзяк (PG)
  ... и ещё 5

✨ Готово!
