
> basket-lviv@0.1.0 start
> node start.js

🚀 Starting basket-lviv on port 3006...
Platform: win32
Running: D:\n8n\basket-lviv\node_modules\.bin\next.cmd dev -p 3006

 ⨯ Failed to start server
Error: listen EADDRINUSE: address already in use :::3006
    at Server.setupListenHandle [as _listen2] (node:net:1940:16)
    at listenInCluster (node:net:1997:12)
    at Server.listen (node:net:2102:7)
    at D:\n8n\basket-lviv\node_modules\next\dist\server\lib\start-server.js:280:16
    at new Promise (<anonymous>)
    at startServer (D:\n8n\basket-lviv\node_modules\next\dist\server\lib\start-server.js:191:11)
    at D:\n8n\basket-lviv\node_modules\next\dist\server\lib\start-server.js:310:52
    at Span.traceAsyncFn (D:\n8n\basket-lviv\node_modules\next\dist\trace\trace.js:154:26)
    at process.<anonymous> (D:\n8n\basket-lviv\node_modules\next\dist\server\lib\start-server.js:310:35)
    at process.emit (node:events:519:28) {
  code: 'EADDRINUSE',
  errno: -4091,
  syscall: 'listen',
  address: '::',
  port: 3006
}
[?25h
